// Jest Snapshot v1, https://goo.gl/fbAQLP

exports[`Pruebas del archivo HookApp Debe ser igual al snapshot 1`] = `
<div>
  <h1>
    Hola mundo
  </h1>
</div>
`;
