// Jest Snapshot v1, https://goo.gl/fbAQLP

exports[`Pruebas en TodoAdd Debe mostrarse correctamente 1`] = `
<Fragment>
  <div
    className="col-5"
  >
    <h4>
      Agregar tareas
    </h4>
    <hr />
    <form
      className="form-group"
      onSubmit={[Function]}
    >
      <input
        autoComplete="off"
        className="form-control"
        minLength="3"
        name="description"
        onChange={[Function]}
        placeholder="Ingrese la tarea"
        type="text"
        value=""
      />
      <button
        className="btn btn-outline-primary mt-2 w-100"
        type="submit"
      >
        Agregar
      </button>
    </form>
  </div>
</Fragment>
`;
