// Jest Snapshot v1, https://goo.gl/fbAQLP

exports[`Pruebas en LoginScreen Debe mostrarse correctamente 1`] = `
<div>
  <h1>
    LoginScreen
  </h1>
  <hr />
  <button
    className="btn btn-primary"
    onClick={[Function]}
  >
    Log In
  </button>
</div>
`;
