// Jest Snapshot v1, https://goo.gl/fbAQLP

exports[`Pruebas con MultipleCustomHooks Debe mostrar informaci√≥n 1`] = `
<Fragment>
  <h1>
    Breaking Bad Quotes
  </h1>
  <hr />
  <h3>
    10
  </h3>
  <figure
    className="text-end"
  >
    <blockquote
      className="blockquote"
    >
      <p
        className="mb-0"
      >
        Frase
      </p>
    </blockquote>
    <figcaption
      className="blockquote-footer"
    >
      Author
    </figcaption>
    <button
      className="btn btn-primary"
      onClick={[Function]}
    >
      Siguiente frase
    </button>
  </figure>
</Fragment>
`;

exports[`Pruebas con MultipleCustomHooks Debe mostrarse correctamente 1`] = `
<Fragment>
  <h1>
    Breaking Bad Quotes
  </h1>
  <hr />
  <h3>
    10
  </h3>
  <div
    className="alert alert-info text-center"
  >
    Cargando frase...
  </div>
</Fragment>
`;
